/global/scratch2/rohitkolora/Rockfish/Genomes/FREEZE/FALCON/Sebastes_aleutianus/FILTERED/CROSSPROT/crossprot2aug.norepeats.CDS.gff
/global/scratch2/rohitkolora/Rockfish/Genomes/FREEZE/FALCON/Sebastes_pinniger/FILTERED/CROSSPROT/crossprot2aug.norepeats.CDS.gff
/global/scratch2/rohitkolora/Rockfish/Genomes/FREEZE/FALCON/Sebastes_rosaceus/FILTERED/CROSSPROT/crossprot2aug.norepeats.CDS.gff
/global/scratch2/rohitkolora/Rockfish/Genomes/FREEZE/FALCON/Sebastes_umbrosus/FILTERED/CROSSPROT/crossprot2aug.norepeats.CDS.gff
/global/scratch2/rohitkolora/Rockfish/Genomes/FREEZE/WTDBG/Sebastes_entomelas/FILTERED/CROSSPROT/crossprot2aug.norepeats.CDS.gff
/global/scratch2/rohitkolora/Rockfish/Genomes/FREEZE/WTDBG/Sebastolobus_alascanus/FILTERED/CROSSPROT/crossprot2aug.norepeats.CDS.gff
/global/scratch2/rohitkolora/Rockfish/Genomes/sequencing/illumina/output/Adelosebastes_latens/A_latens_148487/assembly/masurca/FILTERED/CROSSPROT/crossprot2aug.norepeats.CDS.gff
/global/scratch2/rohitkolora/Rockfish/Genomes/sequencing/illumina/output/Helicolenus_avius/H-avius_MM3/assembly/masurca/FILTERED/CROSSPROT/crossprot2aug.norepeats.CDS.gff
/global/scratch2/rohitkolora/Rockfish/Genomes/sequencing/illumina/output/Helicolenus_hilgendorfii/H-hilgendorfii_KUI10868/assembly/masurca/FILTERED/CROSSPROT/crossprot2aug.norepeats.CDS.gff
/global/scratch2/rohitkolora/Rockfish/Genomes/sequencing/illumina/output/Hozukius_emblemarius/H_emblemarius_134878/assembly/masurca/FILTERED/CROSSPROT/crossprot2aug.norepeats.CDS.gff
/global/scratch2/rohitkolora/Rockfish/Genomes/sequencing/illumina/output/Hozukius_guyotensis/H_guyotensis_138486/assembly/masurca/FILTERED/CROSSPROT/crossprot2aug.norepeats.CDS.gff
/global/scratch2/rohitkolora/Rockfish/Genomes/sequencing/illumina/output/Sebastes_alutus/S-alutus_KUI2069/assembly/masurca/FILTERED/CROSSPROT/crossprot2aug.norepeats.CDS.gff
/global/scratch2/rohitkolora/Rockfish/Genomes/sequencing/illumina/output/Sebastes_atrovirens/S-atrovirens_xSEB-24/assembly/masurca/FILTERED/CROSSPROT/crossprot2aug.norepeats.CDS.gff
/global/scratch2/rohitkolora/Rockfish/Genomes/sequencing/illumina/output/Sebastes_auriculatus/S-auriculatus_S-1A/assembly/masurca/FILTERED/CROSSPROT/crossprot2aug.norepeats.CDS.gff
/global/scratch2/rohitkolora/Rockfish/Genomes/sequencing/illumina/output/Sebastes_aurora/S-aurora_KUI448/assembly/masurca/FILTERED/CROSSPROT/crossprot2aug.norepeats.CDS.gff
/global/scratch2/rohitkolora/Rockfish/Genomes/sequencing/illumina/output/Sebastes_babcocki/S-babcocki_HO-4/assembly/masurca/FILTERED/CROSSPROT/crossprot2aug.norepeats.CDS.gff
/global/scratch2/rohitkolora/Rockfish/Genomes/sequencing/illumina/output/Sebastes_baramenuke/S_baramenuke_131606/assembly/masurca/FILTERED/CROSSPROT/crossprot2aug.norepeats.CDS.gff
/global/scratch2/rohitkolora/Rockfish/Genomes/sequencing/illumina/output/Sebastes_borealis/S-borealis_KUI2095/assembly/masurca/FILTERED/CROSSPROT/crossprot2aug.norepeats.CDS.gff
/global/scratch2/rohitkolora/Rockfish/Genomes/sequencing/illumina/output/Sebastes_carnatus/S-carnatus_xSEB-21/assembly/masurca/FILTERED/CROSSPROT/crossprot2aug.norepeats.CDS.gff
/global/scratch2/rohitkolora/Rockfish/Genomes/sequencing/illumina/output/Sebastes_caurinus/S-caurinus_SEB-191/assembly/masurca/FILTERED/CROSSPROT/crossprot2aug.norepeats.CDS.gff
/global/scratch2/rohitkolora/Rockfish/Genomes/sequencing/illumina/output/Sebastes_cheni/S_cheni_135386/assembly/masurca/FILTERED/CROSSPROT/crossprot2aug.norepeats.CDS.gff
/global/scratch2/rohitkolora/Rockfish/Genomes/sequencing/illumina/output/Sebastes_chlorostictus/S-chlorostictus_xSEB-10/assembly/masurca/FILTERED/CROSSPROT/crossprot2aug.norepeats.CDS.gff
/global/scratch2/rohitkolora/Rockfish/Genomes/sequencing/illumina/output/Sebastes_ciliatus/S-ciliatus_KUI2032/assembly/masurca/FILTERED/CROSSPROT/crossprot2aug.norepeats.CDS.gff
/global/scratch2/rohitkolora/Rockfish/Genomes/sequencing/illumina/output/Sebastes_constellatus/S-constellatus_SEB-71/assembly/masurca/FILTERED/CROSSPROT/crossprot2aug.norepeats.CDS.gff
/global/scratch2/rohitkolora/Rockfish/Genomes/sequencing/illumina/output/Sebastes_crameri/S-crameri_SEB-6/assembly/masurca/FILTERED/CROSSPROT/crossprot2aug.norepeats.CDS.gff
/global/scratch2/rohitkolora/Rockfish/Genomes/sequencing/illumina/output/Sebastes_dalli/S-dalli_xSEB-31/assembly/masurca/FILTERED/CROSSPROT/crossprot2aug.norepeats.CDS.gff
/global/scratch2/rohitkolora/Rockfish/Genomes/sequencing/illumina/output/Sebastes_diaconus/S-diaconus_SEB-21/assembly/masurca/FILTERED/CROSSPROT/crossprot2aug.norepeats.CDS.gff
/global/scratch2/rohitkolora/Rockfish/Genomes/sequencing/illumina/output/Sebastes_diploproa/S-diploproa_KUI2154/assembly/masurca/FILTERED/CROSSPROT/crossprot2aug.norepeats.CDS.gff
/global/scratch2/rohitkolora/Rockfish/Genomes/sequencing/illumina/output/Sebastes_elongatus/S-elongatus_SEB-146/assembly/masurca/FILTERED/CROSSPROT/crossprot2aug.norepeats.CDS.gff
/global/scratch2/rohitkolora/Rockfish/Genomes/sequencing/illumina/output/Sebastes_ensifer/S-ensifer_SEB-163/assembly/masurca/FILTERED/CROSSPROT/crossprot2aug.norepeats.CDS.gff
/global/scratch2/rohitkolora/Rockfish/Genomes/sequencing/illumina/output/Sebastes_exsul/S-exsul_SEB-BAJA-1/assembly/masurca/FILTERED/CROSSPROT/crossprot2aug.norepeats.CDS.gff
/global/scratch2/rohitkolora/Rockfish/Genomes/sequencing/illumina/output/Sebastes_fasciatus/S-fasciatus_KUI2796/assembly/masurca/FILTERED/CROSSPROT/crossprot2aug.norepeats.CDS.gff
/global/scratch2/rohitkolora/Rockfish/Genomes/sequencing/illumina/output/Sebastes_flavidus/S-flavidus_SEB-19/assembly/masurca/FILTERED/CROSSPROT/crossprot2aug.norepeats.CDS.gff
/global/scratch2/rohitkolora/Rockfish/Genomes/sequencing/illumina/output/Sebastes_glaucus/S_glaucus_134638/assembly/masurca/FILTERED/CROSSPROT/crossprot2aug.norepeats.CDS.gff
/global/scratch2/rohitkolora/Rockfish/Genomes/sequencing/illumina/output/Sebastes_goodei/S-goodei_SEB-148/assembly/masurca/FILTERED/CROSSPROT/crossprot2aug.norepeats.CDS.gff
/global/scratch2/rohitkolora/Rockfish/Genomes/sequencing/illumina/output/Sebastes_helvomaculatus/S-helvomaculatus_KUI479/assembly/masurca/FILTERED/CROSSPROT/crossprot2aug.norepeats.CDS.gff
/global/scratch2/rohitkolora/Rockfish/Genomes/sequencing/illumina/output/Sebastes_hopkinsi/S-hopkinsi_xSEB-7/assembly/masurca/FILTERED/CROSSPROT/crossprot2aug.norepeats.CDS.gff
/global/scratch2/rohitkolora/Rockfish/Genomes/sequencing/illumina/output/Sebastes_hubbsi/S_hubbsi_137692/assembly/masurca/FILTERED/CROSSPROT/crossprot2aug.norepeats.CDS.gff
/global/scratch2/rohitkolora/Rockfish/Genomes/sequencing/illumina/output/Sebastes_inermis/S_inermis_136187/assembly/masurca/FILTERED/CROSSPROT/crossprot2aug.norepeats.CDS.gff
/global/scratch2/rohitkolora/Rockfish/Genomes/sequencing/illumina/output/Sebastes_iracundus/S_iracundus_136139/assembly/masurca/FILTERED/CROSSPROT/crossprot2aug.norepeats.CDS.gff
/global/scratch2/rohitkolora/Rockfish/Genomes/sequencing/illumina/output/Sebastes_itinus/S_itinus_130931/assembly/masurca/FILTERED/CROSSPROT/crossprot2aug.norepeats.CDS.gff
/global/scratch2/rohitkolora/Rockfish/Genomes/sequencing/illumina/output/Sebastes_jordani/S-jordani_KUI517/assembly/masurca/FILTERED/CROSSPROT/crossprot2aug.norepeats.CDS.gff
/global/scratch2/rohitkolora/Rockfish/Genomes/sequencing/illumina/output/Sebastes_joyneri/S_joyneri_137149/assembly/masurca/FILTERED/CROSSPROT/crossprot2aug.norepeats.CDS.gff
/global/scratch2/rohitkolora/Rockfish/Genomes/sequencing/illumina/output/Sebastes_kiyomatsui/S_kiyomatsui_145871/assembly/masurca/FILTERED/CROSSPROT/crossprot2aug.norepeats.CDS.gff
/global/scratch2/rohitkolora/Rockfish/Genomes/sequencing/illumina/output/Sebastes_koreanus/S_koreanus_134992/assembly/masurca/FILTERED/CROSSPROT/crossprot2aug.norepeats.CDS.gff
/global/scratch2/rohitkolora/Rockfish/Genomes/sequencing/illumina/output/Sebastes_levis/S-levis_KUI567/assembly/masurca/FILTERED/CROSSPROT/crossprot2aug.norepeats.CDS.gff
/global/scratch2/rohitkolora/Rockfish/Genomes/sequencing/illumina/output/Sebastes_maliger/S-maliger_KUI3233/assembly/masurca/FILTERED/CROSSPROT/crossprot2aug.norepeats.CDS.gff
/global/scratch2/rohitkolora/Rockfish/Genomes/sequencing/illumina/output/Sebastes_matsubarae/S_matsubarae_146680/assembly/masurca/FILTERED/CROSSPROT/crossprot2aug.norepeats.CDS.gff
/global/scratch2/rohitkolora/Rockfish/Genomes/sequencing/illumina/output/Sebastes_melanops/S_melanops_134856/assembly/masurca/FILTERED/CROSSPROT/crossprot2aug.norepeats.CDS.gff
/global/scratch2/rohitkolora/Rockfish/Genomes/sequencing/illumina/output/Sebastes_melanostomus/S-melanostomus_HO-5/assembly/masurca/FILTERED/CROSSPROT/crossprot2aug.norepeats.CDS.gff
/global/scratch2/rohitkolora/Rockfish/Genomes/sequencing/illumina/output/Sebastes_mentella/S-mentella_KUI3097/assembly/masurca/FILTERED/CROSSPROT/crossprot2aug.norepeats.CDS.gff
/global/scratch2/rohitkolora/Rockfish/Genomes/sequencing/illumina/output/Sebastes_minor/S_minor_135284/assembly/masurca/FILTERED/CROSSPROT/crossprot2aug.norepeats.CDS.gff
/global/scratch2/rohitkolora/Rockfish/Genomes/sequencing/illumina/output/Sebastes_moseri/S-moseri_SEB-9/assembly/masurca/FILTERED/CROSSPROT/crossprot2aug.norepeats.CDS.gff
/global/scratch2/rohitkolora/Rockfish/Genomes/sequencing/illumina/output/Sebastes_mystinus/S-mystinus_SEB-17/assembly/masurca/FILTERED/CROSSPROT/crossprot2aug.norepeats.CDS.gff
/global/scratch2/rohitkolora/Rockfish/Genomes/sequencing/illumina/output/Sebastes_nebulosus/S_nebulosus_SEB-720/assembly/masurca/FILTERED/CROSSPROT/crossprot2aug.norepeats.CDS.gff
/global/scratch2/rohitkolora/Rockfish/Genomes/sequencing/illumina/output/Sebastes_nigrocinctus/S-nigrocinctus_UW114045/assembly/masurca/FILTERED/CROSSPROT/crossprot2aug.norepeats.CDS.gff
/global/scratch2/rohitkolora/Rockfish/Genomes/sequencing/illumina/output/Sebastes_nivosus/S_nivosus_134373/assembly/masurca/FILTERED/CROSSPROT/crossprot2aug.norepeats.CDS.gff
/global/scratch2/rohitkolora/Rockfish/Genomes/sequencing/illumina/output/Sebastes_nudus/S_nudus_133427/assembly/masurca/FILTERED/CROSSPROT/crossprot2aug.norepeats.CDS.gff
/global/scratch2/rohitkolora/Rockfish/Genomes/sequencing/illumina/output/Sebastes_oblongus/S_oblongus_137157/assembly/masurca/FILTERED/CROSSPROT/crossprot2aug.norepeats.CDS.gff
/global/scratch2/rohitkolora/Rockfish/Genomes/sequencing/illumina/output/Sebastes_oculatus/S-oculatus_PAR11/assembly/masurca/FILTERED/CROSSPROT/crossprot2aug.norepeats.CDS.gff
/global/scratch2/rohitkolora/Rockfish/Genomes/sequencing/illumina/output/Sebastes_pachycephalus/S_pachycephalus_137687/assembly/masurca/FILTERED/CROSSPROT/crossprot2aug.norepeats.CDS.gff
/global/scratch2/rohitkolora/Rockfish/Genomes/sequencing/illumina/output/Sebastes_paucispinis/S-paucispinis_SEB-180/assembly/masurca/FILTERED/CROSSPROT/crossprot2aug.norepeats.CDS.gff
/global/scratch2/rohitkolora/Rockfish/Genomes/sequencing/illumina/output/Sebastes_polyspinis/S-polyspinis_KUI2030/assembly/masurca/FILTERED/CROSSPROT/crossprot2aug.norepeats.CDS.gff
/global/scratch2/rohitkolora/Rockfish/Genomes/sequencing/illumina/output/Sebastes_proriger/S-proriger_KUI3229/assembly/masurca/FILTERED/CROSSPROT/crossprot2aug.norepeats.CDS.gff
/global/scratch2/rohitkolora/Rockfish/Genomes/sequencing/illumina/output/Sebastes_rastrelliger/S-rastrelliger_xSEB-1/assembly/masurca/FILTERED/CROSSPROT/crossprot2aug.norepeats.CDS.gff
/global/scratch2/rohitkolora/Rockfish/Genomes/sequencing/illumina/output/Sebastes_reedi/S-reedi_SEB-7/assembly/masurca/FILTERED/CROSSPROT/crossprot2aug.norepeats.CDS.gff
/global/scratch2/rohitkolora/Rockfish/Genomes/sequencing/illumina/output/Sebastes_rosenblatti/S-rosenblatti_SEB-147/assembly/masurca/FILTERED/CROSSPROT/crossprot2aug.norepeats.CDS.gff
/global/scratch2/rohitkolora/Rockfish/Genomes/sequencing/illumina/output/Sebastes_ruberrimus/S-ruberrimus_582396486/assembly/masurca/FILTERED/CROSSPROT/crossprot2aug.norepeats.CDS.gff
/global/scratch2/rohitkolora/Rockfish/Genomes/sequencing/illumina/output/Sebastes_rubrivinctus/S-rubrivinctus_UW155382/assembly/masurca/FILTERED/CROSSPROT/crossprot2aug.norepeats.CDS.gff
/global/scratch2/rohitkolora/Rockfish/Genomes/sequencing/illumina/output/Sebastes_rubrivinctus/S-rubrivinctus_UW156309/assembly/masurca/FILTERED/CROSSPROT/crossprot2aug.norepeats.CDS.gff
/global/scratch2/rohitkolora/Rockfish/Genomes/sequencing/illumina/output/Sebastes_saxicola/S-saxicola_KUI2167/assembly/masurca/FILTERED/CROSSPROT/crossprot2aug.norepeats.CDS.gff
/global/scratch2/rohitkolora/Rockfish/Genomes/sequencing/illumina/output/Sebastes_schlegelii/S_schlegelii_139475/assembly/masurca/FILTERED/CROSSPROT/crossprot2aug.norepeats.CDS.gff
/global/scratch2/rohitkolora/Rockfish/Genomes/sequencing/illumina/output/Sebastes_scythropus/S_scythropus_145769/assembly/masurca/FILTERED/CROSSPROT/crossprot2aug.norepeats.CDS.gff
/global/scratch2/rohitkolora/Rockfish/Genomes/sequencing/illumina/output/Sebastes_semicinctus/S-semicinctus_xSEB-12/assembly/masurca/FILTERED/CROSSPROT/crossprot2aug.norepeats.CDS.gff
/global/scratch2/rohitkolora/Rockfish/Genomes/sequencing/illumina/output/Sebastes_serriceps/S-serriceps_TREE_S68/assembly/masurca/FILTERED/CROSSPROT/crossprot2aug.norepeats.CDS.gff
/global/scratch2/rohitkolora/Rockfish/Genomes/sequencing/illumina/output/Sebastes_steindachneri/S_steindachneri_141714/assembly/masurca/FILTERED/CROSSPROT/crossprot2aug.norepeats.CDS.gff
/global/scratch2/rohitkolora/Rockfish/Genomes/sequencing/illumina/output/Sebastes_taczanowskii/S_taczanowskii_133425/assembly/masurca/FILTERED/CROSSPROT/crossprot2aug.norepeats.CDS.gff
/global/scratch2/rohitkolora/Rockfish/Genomes/sequencing/illumina/output/Sebastes_thompsoni/S_thompsoni_137678/assembly/masurca/FILTERED/CROSSPROT/crossprot2aug.norepeats.CDS.gff
/global/scratch2/rohitkolora/Rockfish/Genomes/sequencing/illumina/output/Sebastes_trivittatus/S_trivittatus_137156/assembly/masurca/FILTERED/CROSSPROT/crossprot2aug.norepeats.CDS.gff
/global/scratch2/rohitkolora/Rockfish/Genomes/sequencing/illumina/output/Sebastes_variabilis/S-variabilis_KUI2038/assembly/masurca/FILTERED/CROSSPROT/crossprot2aug.norepeats.CDS.gff
/global/scratch2/rohitkolora/Rockfish/Genomes/sequencing/illumina/output/Sebastes_variegatus/S-variegatus_KUI3213/assembly/masurca/FILTERED/CROSSPROT/crossprot2aug.norepeats.CDS.gff
/global/scratch2/rohitkolora/Rockfish/Genomes/sequencing/illumina/output/Sebastes_vulpes/S_vulpes_130347/assembly/masurca/FILTERED/CROSSPROT/crossprot2aug.norepeats.CDS.gff
/global/scratch2/rohitkolora/Rockfish/Genomes/sequencing/illumina/output/Sebastes_wilsoni/S-wilsoni_KUI3199/assembly/masurca/FILTERED/CROSSPROT/crossprot2aug.norepeats.CDS.gff
/global/scratch2/rohitkolora/Rockfish/Genomes/sequencing/illumina/output/Sebastes_zacentrus/S-zacentrus_KUI3201/assembly/masurca/FILTERED/CROSSPROT/crossprot2aug.norepeats.CDS.gff
/global/scratch2/rohitkolora/Rockfish/Genomes/sequencing/illumina/output/Sebastes_zonatus/S_zonatus_130348/assembly/masurca/FILTERED/CROSSPROT/crossprot2aug.norepeats.CDS.gff
/global/scratch2/rohitkolora/Rockfish/Genomes/sequencing/illumina/output/Sebastiscus_albofasciatus/S_albofasciatus_133423/assembly/masurca/FILTERED/CROSSPROT/crossprot2aug.norepeats.CDS.gff
/global/scratch2/rohitkolora/Rockfish/Genomes/sequencing/illumina/output/Sebastiscus_tertius/S_tertius_139529/assembly/masurca/FILTERED/CROSSPROT/crossprot2aug.norepeats.CDS.gff
/global/scratch2/rohitkolora/Rockfish/Genomes/sequencing/illumina/output/Sebastolobus_altivelis/B-altivelis_xSEB-32/assembly/masurca/FILTERED/CROSSPROT/crossprot2aug.norepeats.CDS.gff
